Archive member included to satisfy reference by file (symbol)

c:/program files (x86)/atmel/studio/7.0/toolchain/avr8/avr8-gnu-toolchain/bin/../lib/gcc/avr/5.4.0/avrxmega3\libgcc.a(_exit.o)
                              C:/Program Files (x86)/Atmel/Studio/7.0/Packs/Atmel/ATmega_DFP/1.3.300/gcc/dev/atmega4808/avrxmega3/crtatmega4808.o (exit)
c:/program files (x86)/atmel/studio/7.0/toolchain/avr8/avr8-gnu-toolchain/bin/../lib/gcc/avr/5.4.0/avrxmega3\libgcc.a(_copy_data.o)
                              main.o (__do_copy_data)
c:/program files (x86)/atmel/studio/7.0/toolchain/avr8/avr8-gnu-toolchain/bin/../lib/gcc/avr/5.4.0/avrxmega3\libgcc.a(_clear_bss.o)
                              cli.o (__do_clear_bss)
c:/program files (x86)/atmel/studio/7.0/toolchain/avr8/avr8-gnu-toolchain/bin/../lib/gcc/avr/5.4.0/../../../../avr/lib/avrxmega3\libc.a(memcpy.o)
                              freeRTOS/queue.o (memcpy)
c:/program files (x86)/atmel/studio/7.0/toolchain/avr8/avr8-gnu-toolchain/bin/../lib/gcc/avr/5.4.0/../../../../avr/lib/avrxmega3\libc.a(strcmp.o)
                              cli.o (strcmp)
c:/program files (x86)/atmel/studio/7.0/toolchain/avr8/avr8-gnu-toolchain/bin/../lib/gcc/avr/5.4.0/../../../../avr/lib/avrxmega3\libc.a(strncmp.o)
                              examples/src/usart_basic_example.o (strncmp)
c:/program files (x86)/atmel/studio/7.0/toolchain/avr8/avr8-gnu-toolchain/bin/../lib/gcc/avr/5.4.0/../../../../avr/lib/avrxmega3\libc.a(iob.o)
                              src/usart_basic.o (__iob)
c:/program files (x86)/atmel/studio/7.0/toolchain/avr8/avr8-gnu-toolchain/bin/../lib/gcc/avr/5.4.0/../../../../avr/lib/avrxmega3\libc.a(printf.o)
                              examples/src/usart_basic_example.o (printf)
c:/program files (x86)/atmel/studio/7.0/toolchain/avr8/avr8-gnu-toolchain/bin/../lib/gcc/avr/5.4.0/../../../../avr/lib/avrxmega3\libc.a(vfprintf_std.o)
                              c:/program files (x86)/atmel/studio/7.0/toolchain/avr8/avr8-gnu-toolchain/bin/../lib/gcc/avr/5.4.0/../../../../avr/lib/avrxmega3\libc.a(printf.o) (vfprintf)
c:/program files (x86)/atmel/studio/7.0/toolchain/avr8/avr8-gnu-toolchain/bin/../lib/gcc/avr/5.4.0/../../../../avr/lib/avrxmega3\libc.a(strnlen_P.o)
                              c:/program files (x86)/atmel/studio/7.0/toolchain/avr8/avr8-gnu-toolchain/bin/../lib/gcc/avr/5.4.0/../../../../avr/lib/avrxmega3\libc.a(vfprintf_std.o) (strnlen_P)
c:/program files (x86)/atmel/studio/7.0/toolchain/avr8/avr8-gnu-toolchain/bin/../lib/gcc/avr/5.4.0/../../../../avr/lib/avrxmega3\libc.a(strnlen.o)
                              c:/program files (x86)/atmel/studio/7.0/toolchain/avr8/avr8-gnu-toolchain/bin/../lib/gcc/avr/5.4.0/../../../../avr/lib/avrxmega3\libc.a(vfprintf_std.o) (strnlen)
c:/program files (x86)/atmel/studio/7.0/toolchain/avr8/avr8-gnu-toolchain/bin/../lib/gcc/avr/5.4.0/../../../../avr/lib/avrxmega3\libc.a(fputc.o)
                              c:/program files (x86)/atmel/studio/7.0/toolchain/avr8/avr8-gnu-toolchain/bin/../lib/gcc/avr/5.4.0/../../../../avr/lib/avrxmega3\libc.a(vfprintf_std.o) (fputc)
c:/program files (x86)/atmel/studio/7.0/toolchain/avr8/avr8-gnu-toolchain/bin/../lib/gcc/avr/5.4.0/../../../../avr/lib/avrxmega3\libc.a(ultoa_invert.o)
                              c:/program files (x86)/atmel/studio/7.0/toolchain/avr8/avr8-gnu-toolchain/bin/../lib/gcc/avr/5.4.0/../../../../avr/lib/avrxmega3\libc.a(vfprintf_std.o) (__ultoa_invert)
c:/program files (x86)/atmel/studio/7.0/toolchain/avr8/avr8-gnu-toolchain/bin/../lib/gcc/avr/5.4.0/avrxmega3\libgcc.a(_prologue.o)
                              c:/program files (x86)/atmel/studio/7.0/toolchain/avr8/avr8-gnu-toolchain/bin/../lib/gcc/avr/5.4.0/../../../../avr/lib/avrxmega3\libc.a(printf.o) (__prologue_saves__)
c:/program files (x86)/atmel/studio/7.0/toolchain/avr8/avr8-gnu-toolchain/bin/../lib/gcc/avr/5.4.0/avrxmega3\libgcc.a(_epilogue.o)
                              c:/program files (x86)/atmel/studio/7.0/toolchain/avr8/avr8-gnu-toolchain/bin/../lib/gcc/avr/5.4.0/../../../../avr/lib/avrxmega3\libc.a(printf.o) (__epilogue_restores__)

Allocating common symbols
Common symbol       size              file

xPrintQueue         0x2               main.o
xCommandQueue       0x2               cli.o
__iob               0x6               c:/program files (x86)/atmel/studio/7.0/toolchain/avr8/avr8-gnu-toolchain/bin/../lib/gcc/avr/5.4.0/../../../../avr/lib/avrxmega3\libc.a(iob.o)

Discarded input sections

 .data          0x00000000        0x0 C:/Program Files (x86)/Atmel/Studio/7.0/Packs/Atmel/ATmega_DFP/1.3.300/gcc/dev/atmega4808/avrxmega3/crtatmega4808.o
 .bss           0x00000000        0x0 C:/Program Files (x86)/Atmel/Studio/7.0/Packs/Atmel/ATmega_DFP/1.3.300/gcc/dev/atmega4808/avrxmega3/crtatmega4808.o
 .text          0x00000000        0x0 atmel_start.o
 .data          0x00000000        0x0 atmel_start.o
 .bss           0x00000000        0x0 atmel_start.o
 .text          0x00000000        0x0 cli.o
 .data          0x00000000        0x0 cli.o
 .bss           0x00000000        0x0 cli.o
 .text          0x00000000        0x0 driver_isr.o
 .data          0x00000000        0x0 driver_isr.o
 .bss           0x00000000        0x0 driver_isr.o
 .debug_info    0x00000000       0x5d driver_isr.o
 .debug_abbrev  0x00000000       0x26 driver_isr.o
 .debug_aranges
                0x00000000       0x18 driver_isr.o
 .debug_line    0x00000000       0x1a driver_isr.o
 .debug_str     0x00000000      0x1ad driver_isr.o
 .comment       0x00000000       0x31 driver_isr.o
 .text          0x00000000        0x0 examples/src/usart_basic_example.o
 .data          0x00000000        0x0 examples/src/usart_basic_example.o
 .bss           0x00000000        0x0 examples/src/usart_basic_example.o
 .rodata.str1.1
                0x00000000        0x9 examples/src/usart_basic_example.o
 .text.USART_0_test_usart_basic
                0x00000000       0x6e examples/src/usart_basic_example.o
 .bss.rx        0x00000000       0x10 examples/src/usart_basic_example.o
 .debug_info    0x00000000      0x13f examples/src/usart_basic_example.o
 .debug_abbrev  0x00000000       0xcd examples/src/usart_basic_example.o
 .debug_loc     0x00000000       0xbe examples/src/usart_basic_example.o
 .debug_aranges
                0x00000000       0x20 examples/src/usart_basic_example.o
 .debug_ranges  0x00000000       0x10 examples/src/usart_basic_example.o
 .debug_line    0x00000000      0x12c examples/src/usart_basic_example.o
 .debug_str     0x00000000      0x203 examples/src/usart_basic_example.o
 .comment       0x00000000       0x31 examples/src/usart_basic_example.o
 .debug_frame   0x00000000       0x4c examples/src/usart_basic_example.o
 .text          0x00000000        0x0 freeRTOS/croutine.o
 .data          0x00000000        0x0 freeRTOS/croutine.o
 .bss           0x00000000        0x0 freeRTOS/croutine.o
 .debug_info    0x00000000       0x64 freeRTOS/croutine.o
 .debug_abbrev  0x00000000       0x26 freeRTOS/croutine.o
 .debug_aranges
                0x00000000       0x18 freeRTOS/croutine.o
 .debug_line    0x00000000       0x1a freeRTOS/croutine.o
 .debug_str     0x00000000      0x1ba freeRTOS/croutine.o
 .comment       0x00000000       0x31 freeRTOS/croutine.o
 .text          0x00000000        0x0 freeRTOS/event_groups.o
 .data          0x00000000        0x0 freeRTOS/event_groups.o
 .bss           0x00000000        0x0 freeRTOS/event_groups.o
 .text.xEventGroupCreate
                0x00000000       0x26 freeRTOS/event_groups.o
 .text.xEventGroupWaitBits
                0x00000000      0x110 freeRTOS/event_groups.o
 .text.xEventGroupClearBits
                0x00000000       0x1e freeRTOS/event_groups.o
 .text.xEventGroupGetBitsFromISR
                0x00000000        0x8 freeRTOS/event_groups.o
 .text.xEventGroupSetBits
                0x00000000       0xce freeRTOS/event_groups.o
 .text.xEventGroupSync
                0x00000000       0xd2 freeRTOS/event_groups.o
 .text.vEventGroupDelete
                0x00000000       0x32 freeRTOS/event_groups.o
 .text.vEventGroupSetBitsCallback
                0x00000000        0x8 freeRTOS/event_groups.o
 .text.vEventGroupClearBitsCallback
                0x00000000        0x8 freeRTOS/event_groups.o
 .debug_info    0x00000000      0x8f5 freeRTOS/event_groups.o
 .debug_abbrev  0x00000000      0x20c freeRTOS/event_groups.o
 .debug_loc     0x00000000      0xb5e freeRTOS/event_groups.o
 .debug_aranges
                0x00000000       0x60 freeRTOS/event_groups.o
 .debug_ranges  0x00000000       0x68 freeRTOS/event_groups.o
 .debug_line    0x00000000      0x3cf freeRTOS/event_groups.o
 .debug_str     0x00000000      0x5d4 freeRTOS/event_groups.o
 .comment       0x00000000       0x31 freeRTOS/event_groups.o
 .debug_frame   0x00000000      0x14c freeRTOS/event_groups.o
 .text          0x00000000        0x0 freeRTOS/list.o
 .data          0x00000000        0x0 freeRTOS/list.o
 .bss           0x00000000        0x0 freeRTOS/list.o
 .text          0x00000000        0x0 freeRTOS/portable/GCC/ATmega4809/port.o
 .data          0x00000000        0x0 freeRTOS/portable/GCC/ATmega4809/port.o
 .bss           0x00000000        0x0 freeRTOS/portable/GCC/ATmega4809/port.o
 .text.vPortEndScheduler
                0x00000000        0x2 freeRTOS/portable/GCC/ATmega4809/port.o
 .text.vPortYieldFromISR
                0x00000000       0xb2 freeRTOS/portable/GCC/ATmega4809/port.o
 .text          0x00000000        0x0 freeRTOS/portable/MemMang/heap.o
 .data          0x00000000        0x0 freeRTOS/portable/MemMang/heap.o
 .bss           0x00000000        0x0 freeRTOS/portable/MemMang/heap.o
 .text.vPortInitialiseBlocks
                0x00000000        0xa freeRTOS/portable/MemMang/heap.o
 .text.xPortGetFreeHeapSize
                0x00000000       0x12 freeRTOS/portable/MemMang/heap.o
 .text          0x00000000        0x0 freeRTOS/queue.o
 .data          0x00000000        0x0 freeRTOS/queue.o
 .bss           0x00000000        0x0 freeRTOS/queue.o
 .text.xQueueCreateMutex
                0x00000000       0x34 freeRTOS/queue.o
 .text.xQueueGiveFromISR
                0x00000000       0x52 freeRTOS/queue.o
 .text.xQueueSemaphoreTake
                0x00000000      0x190 freeRTOS/queue.o
 .text.xQueuePeek
                0x00000000      0x128 freeRTOS/queue.o
 .text.xQueueReceiveFromISR
                0x00000000       0x6e freeRTOS/queue.o
 .text.xQueuePeekFromISR
                0x00000000       0x2e freeRTOS/queue.o
 .text.uxQueueMessagesWaiting
                0x00000000       0x10 freeRTOS/queue.o
 .text.uxQueueSpacesAvailable
                0x00000000       0x14 freeRTOS/queue.o
 .text.uxQueueMessagesWaitingFromISR
                0x00000000        0x6 freeRTOS/queue.o
 .text.vQueueDelete
                0x00000000        0x6 freeRTOS/queue.o
 .text.xQueueIsQueueEmptyFromISR
                0x00000000        0xc freeRTOS/queue.o
 .text.xQueueIsQueueFullFromISR
                0x00000000        0xe freeRTOS/queue.o
 .text          0x00000000        0x0 freeRTOS/stream_buffer.o
 .data          0x00000000        0x0 freeRTOS/stream_buffer.o
 .bss           0x00000000        0x0 freeRTOS/stream_buffer.o
 .text.prvBytesInBuffer
                0x00000000       0x26 freeRTOS/stream_buffer.o
 .text.prvWriteBytesToBuffer
                0x00000000       0x92 freeRTOS/stream_buffer.o
 .text.prvWriteMessageToBuffer
                0x00000000       0x82 freeRTOS/stream_buffer.o
 .text.prvReadBytesFromBuffer
                0x00000000       0x9e freeRTOS/stream_buffer.o
 .text.prvReadMessageFromBuffer
                0x00000000       0x90 freeRTOS/stream_buffer.o
 .text.xStreamBufferGenericCreate
                0x00000000       0x5c freeRTOS/stream_buffer.o
 .text.vStreamBufferDelete
                0x00000000       0x1a freeRTOS/stream_buffer.o
 .text.xStreamBufferReset
                0x00000000       0x7a freeRTOS/stream_buffer.o
 .text.xStreamBufferSetTriggerLevel
                0x00000000       0x22 freeRTOS/stream_buffer.o
 .text.xStreamBufferSpacesAvailable
                0x00000000       0x24 freeRTOS/stream_buffer.o
 .text.xStreamBufferBytesAvailable
                0x00000000        0x6 freeRTOS/stream_buffer.o
 .text.xStreamBufferSend
                0x00000000      0x142 freeRTOS/stream_buffer.o
 .text.xStreamBufferSendFromISR
                0x00000000       0x8c freeRTOS/stream_buffer.o
 .text.xStreamBufferReceive
                0x00000000       0xf8 freeRTOS/stream_buffer.o
 .text.xStreamBufferReceiveFromISR
                0x00000000       0x88 freeRTOS/stream_buffer.o
 .text.xStreamBufferIsEmpty
                0x00000000       0x16 freeRTOS/stream_buffer.o
 .text.xStreamBufferIsFull
                0x00000000       0x2c freeRTOS/stream_buffer.o
 .text.xStreamBufferSendCompletedFromISR
                0x00000000       0x46 freeRTOS/stream_buffer.o
 .text.xStreamBufferReceiveCompletedFromISR
                0x00000000       0x46 freeRTOS/stream_buffer.o
 .debug_info    0x00000000     0x11f7 freeRTOS/stream_buffer.o
 .debug_abbrev  0x00000000      0x24e freeRTOS/stream_buffer.o
 .debug_loc     0x00000000     0x1aa0 freeRTOS/stream_buffer.o
 .debug_aranges
                0x00000000       0xb0 freeRTOS/stream_buffer.o
 .debug_ranges  0x00000000       0xa0 freeRTOS/stream_buffer.o
 .debug_line    0x00000000      0x712 freeRTOS/stream_buffer.o
 .debug_str     0x00000000      0x788 freeRTOS/stream_buffer.o
 .comment       0x00000000       0x31 freeRTOS/stream_buffer.o
 .debug_frame   0x00000000      0x38c freeRTOS/stream_buffer.o
 .text          0x00000000        0x0 freeRTOS/tasks.o
 .data          0x00000000        0x0 freeRTOS/tasks.o
 .bss           0x00000000        0x0 freeRTOS/tasks.o
 .text.vTaskResume
                0x00000000       0x9e freeRTOS/tasks.o
 .text.vTaskEndScheduler
                0x00000000        0xc freeRTOS/tasks.o
 .text.xTaskGetTickCount
                0x00000000       0x14 freeRTOS/tasks.o
 .text.xTaskGetTickCountFromISR
                0x00000000        0xa freeRTOS/tasks.o
 .text.uxTaskGetNumberOfTasks
                0x00000000        0x6 freeRTOS/tasks.o
 .text.pcTaskGetName
                0x00000000       0x10 freeRTOS/tasks.o
 .text.vTaskDelayUntil
                0x00000000       0x7c freeRTOS/tasks.o
 .text.vTaskSuspend
                0x00000000       0xa4 freeRTOS/tasks.o
 .text.vTaskPlaceOnUnorderedEventList
                0x00000000       0x32 freeRTOS/tasks.o
 .text.vTaskRemoveFromUnorderedEventList
                0x00000000       0x70 freeRTOS/tasks.o
 .text.vTaskSetTimeOutState
                0x00000000       0x20 freeRTOS/tasks.o
 .text.xTaskGetCurrentTaskHandle
                0x00000000        0xa freeRTOS/tasks.o
 .text.xTaskPriorityInherit
                0x00000000       0xe4 freeRTOS/tasks.o
 .text.vTaskPriorityDisinheritAfterTimeout
                0x00000000       0xa0 freeRTOS/tasks.o
 .text.uxTaskResetEventItemValue
                0x00000000       0x2e freeRTOS/tasks.o
 .text.pvTaskIncrementMutexHeldCount
                0x00000000       0x24 freeRTOS/tasks.o
 .text.ulTaskNotifyTake
                0x00000000       0xae freeRTOS/tasks.o
 .text.xTaskNotifyWait
                0x00000000      0x108 freeRTOS/tasks.o
 .text.xTaskGenericNotify
                0x00000000       0xfc freeRTOS/tasks.o
 .text.xTaskGenericNotifyFromISR
                0x00000000      0x122 freeRTOS/tasks.o
 .text.vTaskNotifyGiveFromISR
                0x00000000       0xb6 freeRTOS/tasks.o
 .text.xTaskNotifyStateClear
                0x00000000       0x28 freeRTOS/tasks.o
 .text          0x00000000        0x0 freeRTOS/timers.o
 .data          0x00000000        0x0 freeRTOS/timers.o
 .bss           0x00000000        0x0 freeRTOS/timers.o
 .debug_info    0x00000000       0x64 freeRTOS/timers.o
 .debug_abbrev  0x00000000       0x26 freeRTOS/timers.o
 .debug_aranges
                0x00000000       0x18 freeRTOS/timers.o
 .debug_line    0x00000000       0x1a freeRTOS/timers.o
 .debug_str     0x00000000      0x1b8 freeRTOS/timers.o
 .comment       0x00000000       0x31 freeRTOS/timers.o
 .text          0x00000000        0x0 main.o
 .data          0x00000000        0x0 main.o
 .bss           0x00000000        0x0 main.o
 .data.ptr      0x00000000        0x2 main.o
 .text          0x00000000        0x0 serial.o
 .data          0x00000000        0x0 serial.o
 .bss           0x00000000        0x0 serial.o
 .text          0x00000000        0x0 src/bod.o
 .data          0x00000000        0x0 src/bod.o
 .bss           0x00000000        0x0 src/bod.o
 .text          0x00000000        0x0 src/clkctrl.o
 .data          0x00000000        0x0 src/clkctrl.o
 .bss           0x00000000        0x0 src/clkctrl.o
 .text          0x00000000        0x0 src/cpuint.o
 .data          0x00000000        0x0 src/cpuint.o
 .bss           0x00000000        0x0 src/cpuint.o
 .text          0x00000000        0x0 src/driver_init.o
 .data          0x00000000        0x0 src/driver_init.o
 .bss           0x00000000        0x0 src/driver_init.o
 .text          0x00000000        0x0 src/protected_io.o
 .data          0x00000000        0x0 src/protected_io.o
 .bss           0x00000000        0x0 src/protected_io.o
 .text          0x00000000        0x0 src/slpctrl.o
 .data          0x00000000        0x0 src/slpctrl.o
 .bss           0x00000000        0x0 src/slpctrl.o
 .text          0x00000000        0x0 src/usart_basic.o
 .data          0x00000000        0x0 src/usart_basic.o
 .bss           0x00000000        0x0 src/usart_basic.o
 .text.USART_0_is_tx_ready
                0x00000000        0xe src/usart_basic.o
 .text.USART_0_is_rx_ready
                0x00000000        0xe src/usart_basic.o
 .text.USART_0_is_tx_busy
                0x00000000       0x10 src/usart_basic.o
 .text.USART_0_read
                0x00000000       0x2c src/usart_basic.o
 .text.USART_0_enable
                0x00000000        0xc src/usart_basic.o
 .text.USART_0_enable_rx
                0x00000000        0xc src/usart_basic.o
 .text.USART_0_enable_tx
                0x00000000        0xc src/usart_basic.o
 .text.USART_0_disable
                0x00000000        0xc src/usart_basic.o
 .text.USART_0_get_data
                0x00000000        0x6 src/usart_basic.o
 .text          0x00000000        0x0 c:/program files (x86)/atmel/studio/7.0/toolchain/avr8/avr8-gnu-toolchain/bin/../lib/gcc/avr/5.4.0/avrxmega3\libgcc.a(_exit.o)
 .data          0x00000000        0x0 c:/program files (x86)/atmel/studio/7.0/toolchain/avr8/avr8-gnu-toolchain/bin/../lib/gcc/avr/5.4.0/avrxmega3\libgcc.a(_exit.o)
 .bss           0x00000000        0x0 c:/program files (x86)/atmel/studio/7.0/toolchain/avr8/avr8-gnu-toolchain/bin/../lib/gcc/avr/5.4.0/avrxmega3\libgcc.a(_exit.o)
 .text.libgcc.mul
                0x00000000        0x0 c:/program files (x86)/atmel/studio/7.0/toolchain/avr8/avr8-gnu-toolchain/bin/../lib/gcc/avr/5.4.0/avrxmega3\libgcc.a(_exit.o)
 .text.libgcc.div
                0x00000000        0x0 c:/program files (x86)/atmel/studio/7.0/toolchain/avr8/avr8-gnu-toolchain/bin/../lib/gcc/avr/5.4.0/avrxmega3\libgcc.a(_exit.o)
 .text.libgcc   0x00000000        0x0 c:/program files (x86)/atmel/studio/7.0/toolchain/avr8/avr8-gnu-toolchain/bin/../lib/gcc/avr/5.4.0/avrxmega3\libgcc.a(_exit.o)
 .text.libgcc.prologue
                0x00000000        0x0 c:/program files (x86)/atmel/studio/7.0/toolchain/avr8/avr8-gnu-toolchain/bin/../lib/gcc/avr/5.4.0/avrxmega3\libgcc.a(_exit.o)
 .text.libgcc.builtins
                0x00000000        0x0 c:/program files (x86)/atmel/studio/7.0/toolchain/avr8/avr8-gnu-toolchain/bin/../lib/gcc/avr/5.4.0/avrxmega3\libgcc.a(_exit.o)
 .text.libgcc.fmul
                0x00000000        0x0 c:/program files (x86)/atmel/studio/7.0/toolchain/avr8/avr8-gnu-toolchain/bin/../lib/gcc/avr/5.4.0/avrxmega3\libgcc.a(_exit.o)
 .text.libgcc.fixed
                0x00000000        0x0 c:/program files (x86)/atmel/studio/7.0/toolchain/avr8/avr8-gnu-toolchain/bin/../lib/gcc/avr/5.4.0/avrxmega3\libgcc.a(_exit.o)
 .text          0x00000000        0x0 c:/program files (x86)/atmel/studio/7.0/toolchain/avr8/avr8-gnu-toolchain/bin/../lib/gcc/avr/5.4.0/avrxmega3\libgcc.a(_copy_data.o)
 .data          0x00000000        0x0 c:/program files (x86)/atmel/studio/7.0/toolchain/avr8/avr8-gnu-toolchain/bin/../lib/gcc/avr/5.4.0/avrxmega3\libgcc.a(_copy_data.o)
 .bss           0x00000000        0x0 c:/program files (x86)/atmel/studio/7.0/toolchain/avr8/avr8-gnu-toolchain/bin/../lib/gcc/avr/5.4.0/avrxmega3\libgcc.a(_copy_data.o)
 .text.libgcc.mul
                0x00000000        0x0 c:/program files (x86)/atmel/studio/7.0/toolchain/avr8/avr8-gnu-toolchain/bin/../lib/gcc/avr/5.4.0/avrxmega3\libgcc.a(_copy_data.o)
 .text.libgcc.div
                0x00000000        0x0 c:/program files (x86)/atmel/studio/7.0/toolchain/avr8/avr8-gnu-toolchain/bin/../lib/gcc/avr/5.4.0/avrxmega3\libgcc.a(_copy_data.o)
 .text.libgcc   0x00000000        0x0 c:/program files (x86)/atmel/studio/7.0/toolchain/avr8/avr8-gnu-toolchain/bin/../lib/gcc/avr/5.4.0/avrxmega3\libgcc.a(_copy_data.o)
 .text.libgcc.prologue
                0x00000000        0x0 c:/program files (x86)/atmel/studio/7.0/toolchain/avr8/avr8-gnu-toolchain/bin/../lib/gcc/avr/5.4.0/avrxmega3\libgcc.a(_copy_data.o)
 .text.libgcc.builtins
                0x00000000        0x0 c:/program files (x86)/atmel/studio/7.0/toolchain/avr8/avr8-gnu-toolchain/bin/../lib/gcc/avr/5.4.0/avrxmega3\libgcc.a(_copy_data.o)
 .text.libgcc.fmul
                0x00000000        0x0 c:/program files (x86)/atmel/studio/7.0/toolchain/avr8/avr8-gnu-toolchain/bin/../lib/gcc/avr/5.4.0/avrxmega3\libgcc.a(_copy_data.o)
 .text.libgcc.fixed
                0x00000000        0x0 c:/program files (x86)/atmel/studio/7.0/toolchain/avr8/avr8-gnu-toolchain/bin/../lib/gcc/avr/5.4.0/avrxmega3\libgcc.a(_copy_data.o)
 .text          0x00000000        0x0 c:/program files (x86)/atmel/studio/7.0/toolchain/avr8/avr8-gnu-toolchain/bin/../lib/gcc/avr/5.4.0/avrxmega3\libgcc.a(_clear_bss.o)
 .data          0x00000000        0x0 c:/program files (x86)/atmel/studio/7.0/toolchain/avr8/avr8-gnu-toolchain/bin/../lib/gcc/avr/5.4.0/avrxmega3\libgcc.a(_clear_bss.o)
 .bss           0x00000000        0x0 c:/program files (x86)/atmel/studio/7.0/toolchain/avr8/avr8-gnu-toolchain/bin/../lib/gcc/avr/5.4.0/avrxmega3\libgcc.a(_clear_bss.o)
 .text.libgcc.mul
                0x00000000        0x0 c:/program files (x86)/atmel/studio/7.0/toolchain/avr8/avr8-gnu-toolchain/bin/../lib/gcc/avr/5.4.0/avrxmega3\libgcc.a(_clear_bss.o)
 .text.libgcc.div
                0x00000000        0x0 c:/program files (x86)/atmel/studio/7.0/toolchain/avr8/avr8-gnu-toolchain/bin/../lib/gcc/avr/5.4.0/avrxmega3\libgcc.a(_clear_bss.o)
 .text.libgcc   0x00000000        0x0 c:/program files (x86)/atmel/studio/7.0/toolchain/avr8/avr8-gnu-toolchain/bin/../lib/gcc/avr/5.4.0/avrxmega3\libgcc.a(_clear_bss.o)
 .text.libgcc.prologue
                0x00000000        0x0 c:/program files (x86)/atmel/studio/7.0/toolchain/avr8/avr8-gnu-toolchain/bin/../lib/gcc/avr/5.4.0/avrxmega3\libgcc.a(_clear_bss.o)
 .text.libgcc.builtins
                0x00000000        0x0 c:/program files (x86)/atmel/studio/7.0/toolchain/avr8/avr8-gnu-toolchain/bin/../lib/gcc/avr/5.4.0/avrxmega3\libgcc.a(_clear_bss.o)
 .text.libgcc.fmul
                0x00000000        0x0 c:/program files (x86)/atmel/studio/7.0/toolchain/avr8/avr8-gnu-toolchain/bin/../lib/gcc/avr/5.4.0/avrxmega3\libgcc.a(_clear_bss.o)
 .text.libgcc.fixed
                0x00000000        0x0 c:/program files (x86)/atmel/studio/7.0/toolchain/avr8/avr8-gnu-toolchain/bin/../lib/gcc/avr/5.4.0/avrxmega3\libgcc.a(_clear_bss.o)
 .text          0x00000000        0x0 c:/program files (x86)/atmel/studio/7.0/toolchain/avr8/avr8-gnu-toolchain/bin/../lib/gcc/avr/5.4.0/../../../../avr/lib/avrxmega3\libc.a(memcpy.o)
 .data          0x00000000        0x0 c:/program files (x86)/atmel/studio/7.0/toolchain/avr8/avr8-gnu-toolchain/bin/../lib/gcc/avr/5.4.0/../../../../avr/lib/avrxmega3\libc.a(memcpy.o)
 .bss           0x00000000        0x0 c:/program files (x86)/atmel/studio/7.0/toolchain/avr8/avr8-gnu-toolchain/bin/../lib/gcc/avr/5.4.0/../../../../avr/lib/avrxmega3\libc.a(memcpy.o)
 .text          0x00000000        0x0 c:/program files (x86)/atmel/studio/7.0/toolchain/avr8/avr8-gnu-toolchain/bin/../lib/gcc/avr/5.4.0/../../../../avr/lib/avrxmega3\libc.a(strcmp.o)
 .data          0x00000000        0x0 c:/program files (x86)/atmel/studio/7.0/toolchain/avr8/avr8-gnu-toolchain/bin/../lib/gcc/avr/5.4.0/../../../../avr/lib/avrxmega3\libc.a(strcmp.o)
 .bss           0x00000000        0x0 c:/program files (x86)/atmel/studio/7.0/toolchain/avr8/avr8-gnu-toolchain/bin/../lib/gcc/avr/5.4.0/../../../../avr/lib/avrxmega3\libc.a(strcmp.o)
 .text          0x00000000        0x0 c:/program files (x86)/atmel/studio/7.0/toolchain/avr8/avr8-gnu-toolchain/bin/../lib/gcc/avr/5.4.0/../../../../avr/lib/avrxmega3\libc.a(strncmp.o)
 .data          0x00000000        0x0 c:/program files (x86)/atmel/studio/7.0/toolchain/avr8/avr8-gnu-toolchain/bin/../lib/gcc/avr/5.4.0/../../../../avr/lib/avrxmega3\libc.a(strncmp.o)
 .bss           0x00000000        0x0 c:/program files (x86)/atmel/studio/7.0/toolchain/avr8/avr8-gnu-toolchain/bin/../lib/gcc/avr/5.4.0/../../../../avr/lib/avrxmega3\libc.a(strncmp.o)
 .text.avr-libc
                0x00000000       0x1c c:/program files (x86)/atmel/studio/7.0/toolchain/avr8/avr8-gnu-toolchain/bin/../lib/gcc/avr/5.4.0/../../../../avr/lib/avrxmega3\libc.a(strncmp.o)
 .text          0x00000000        0x0 c:/program files (x86)/atmel/studio/7.0/toolchain/avr8/avr8-gnu-toolchain/bin/../lib/gcc/avr/5.4.0/../../../../avr/lib/avrxmega3\libc.a(iob.o)
 .data          0x00000000        0x0 c:/program files (x86)/atmel/studio/7.0/toolchain/avr8/avr8-gnu-toolchain/bin/../lib/gcc/avr/5.4.0/../../../../avr/lib/avrxmega3\libc.a(iob.o)
 .bss           0x00000000        0x0 c:/program files (x86)/atmel/studio/7.0/toolchain/avr8/avr8-gnu-toolchain/bin/../lib/gcc/avr/5.4.0/../../../../avr/lib/avrxmega3\libc.a(iob.o)
 .text          0x00000000        0x0 c:/program files (x86)/atmel/studio/7.0/toolchain/avr8/avr8-gnu-toolchain/bin/../lib/gcc/avr/5.4.0/../../../../avr/lib/avrxmega3\libc.a(printf.o)
 .data          0x00000000        0x0 c:/program files (x86)/atmel/studio/7.0/toolchain/avr8/avr8-gnu-toolchain/bin/../lib/gcc/avr/5.4.0/../../../../avr/lib/avrxmega3\libc.a(printf.o)
 .bss           0x00000000        0x0 c:/program files (x86)/atmel/studio/7.0/toolchain/avr8/avr8-gnu-toolchain/bin/../lib/gcc/avr/5.4.0/../../../../avr/lib/avrxmega3\libc.a(printf.o)
 .text          0x00000000        0x0 c:/program files (x86)/atmel/studio/7.0/toolchain/avr8/avr8-gnu-toolchain/bin/../lib/gcc/avr/5.4.0/../../../../avr/lib/avrxmega3\libc.a(vfprintf_std.o)
 .data          0x00000000        0x0 c:/program files (x86)/atmel/studio/7.0/toolchain/avr8/avr8-gnu-toolchain/bin/../lib/gcc/avr/5.4.0/../../../../avr/lib/avrxmega3\libc.a(vfprintf_std.o)
 .bss           0x00000000        0x0 c:/program files (x86)/atmel/studio/7.0/toolchain/avr8/avr8-gnu-toolchain/bin/../lib/gcc/avr/5.4.0/../../../../avr/lib/avrxmega3\libc.a(vfprintf_std.o)
 .text          0x00000000        0x0 c:/program files (x86)/atmel/studio/7.0/toolchain/avr8/avr8-gnu-toolchain/bin/../lib/gcc/avr/5.4.0/../../../../avr/lib/avrxmega3\libc.a(strnlen_P.o)
 .data          0x00000000        0x0 c:/program files (x86)/atmel/studio/7.0/toolchain/avr8/avr8-gnu-toolchain/bin/../lib/gcc/avr/5.4.0/../../../../avr/lib/avrxmega3\libc.a(strnlen_P.o)
 .bss           0x00000000        0x0 c:/program files (x86)/atmel/studio/7.0/toolchain/avr8/avr8-gnu-toolchain/bin/../lib/gcc/avr/5.4.0/../../../../avr/lib/avrxmega3\libc.a(strnlen_P.o)
 .text          0x00000000        0x0 c:/program files (x86)/atmel/studio/7.0/toolchain/avr8/avr8-gnu-toolchain/bin/../lib/gcc/avr/5.4.0/../../../../avr/lib/avrxmega3\libc.a(strnlen.o)
 .data          0x00000000        0x0 c:/program files (x86)/atmel/studio/7.0/toolchain/avr8/avr8-gnu-toolchain/bin/../lib/gcc/avr/5.4.0/../../../../avr/lib/avrxmega3\libc.a(strnlen.o)
 .bss           0x00000000        0x0 c:/program files (x86)/atmel/studio/7.0/toolchain/avr8/avr8-gnu-toolchain/bin/../lib/gcc/avr/5.4.0/../../../../avr/lib/avrxmega3\libc.a(strnlen.o)
 .text          0x00000000        0x0 c:/program files (x86)/atmel/studio/7.0/toolchain/avr8/avr8-gnu-toolchain/bin/../lib/gcc/avr/5.4.0/../../../../avr/lib/avrxmega3\libc.a(fputc.o)
 .data          0x00000000        0x0 c:/program files (x86)/atmel/studio/7.0/toolchain/avr8/avr8-gnu-toolchain/bin/../lib/gcc/avr/5.4.0/../../../../avr/lib/avrxmega3\libc.a(fputc.o)
 .bss           0x00000000        0x0 c:/program files (x86)/atmel/studio/7.0/toolchain/avr8/avr8-gnu-toolchain/bin/../lib/gcc/avr/5.4.0/../../../../avr/lib/avrxmega3\libc.a(fputc.o)
 .text          0x00000000        0x0 c:/program files (x86)/atmel/studio/7.0/toolchain/avr8/avr8-gnu-toolchain/bin/../lib/gcc/avr/5.4.0/../../../../avr/lib/avrxmega3\libc.a(ultoa_invert.o)
 .data          0x00000000        0x0 c:/program files (x86)/atmel/studio/7.0/toolchain/avr8/avr8-gnu-toolchain/bin/../lib/gcc/avr/5.4.0/../../../../avr/lib/avrxmega3\libc.a(ultoa_invert.o)
 .bss           0x00000000        0x0 c:/program files (x86)/atmel/studio/7.0/toolchain/avr8/avr8-gnu-toolchain/bin/../lib/gcc/avr/5.4.0/../../../../avr/lib/avrxmega3\libc.a(ultoa_invert.o)
 .text          0x00000000        0x0 c:/program files (x86)/atmel/studio/7.0/toolchain/avr8/avr8-gnu-toolchain/bin/../lib/gcc/avr/5.4.0/avrxmega3\libgcc.a(_prologue.o)
 .data          0x00000000        0x0 c:/program files (x86)/atmel/studio/7.0/toolchain/avr8/avr8-gnu-toolchain/bin/../lib/gcc/avr/5.4.0/avrxmega3\libgcc.a(_prologue.o)
 .bss           0x00000000        0x0 c:/program files (x86)/atmel/studio/7.0/toolchain/avr8/avr8-gnu-toolchain/bin/../lib/gcc/avr/5.4.0/avrxmega3\libgcc.a(_prologue.o)
 .text.libgcc.mul
                0x00000000        0x0 c:/program files (x86)/atmel/studio/7.0/toolchain/avr8/avr8-gnu-toolchain/bin/../lib/gcc/avr/5.4.0/avrxmega3\libgcc.a(_prologue.o)
 .text.libgcc.div
                0x00000000        0x0 c:/program files (x86)/atmel/studio/7.0/toolchain/avr8/avr8-gnu-toolchain/bin/../lib/gcc/avr/5.4.0/avrxmega3\libgcc.a(_prologue.o)
 .text.libgcc   0x00000000        0x0 c:/program files (x86)/atmel/studio/7.0/toolchain/avr8/avr8-gnu-toolchain/bin/../lib/gcc/avr/5.4.0/avrxmega3\libgcc.a(_prologue.o)
 .text.libgcc.builtins
                0x00000000        0x0 c:/program files (x86)/atmel/studio/7.0/toolchain/avr8/avr8-gnu-toolchain/bin/../lib/gcc/avr/5.4.0/avrxmega3\libgcc.a(_prologue.o)
 .text.libgcc.fmul
                0x00000000        0x0 c:/program files (x86)/atmel/studio/7.0/toolchain/avr8/avr8-gnu-toolchain/bin/../lib/gcc/avr/5.4.0/avrxmega3\libgcc.a(_prologue.o)
 .text.libgcc.fixed
                0x00000000        0x0 c:/program files (x86)/atmel/studio/7.0/toolchain/avr8/avr8-gnu-toolchain/bin/../lib/gcc/avr/5.4.0/avrxmega3\libgcc.a(_prologue.o)
 .text          0x00000000        0x0 c:/program files (x86)/atmel/studio/7.0/toolchain/avr8/avr8-gnu-toolchain/bin/../lib/gcc/avr/5.4.0/avrxmega3\libgcc.a(_epilogue.o)
 .data          0x00000000        0x0 c:/program files (x86)/atmel/studio/7.0/toolchain/avr8/avr8-gnu-toolchain/bin/../lib/gcc/avr/5.4.0/avrxmega3\libgcc.a(_epilogue.o)
 .bss           0x00000000        0x0 c:/program files (x86)/atmel/studio/7.0/toolchain/avr8/avr8-gnu-toolchain/bin/../lib/gcc/avr/5.4.0/avrxmega3\libgcc.a(_epilogue.o)
 .text.libgcc.mul
                0x00000000        0x0 c:/program files (x86)/atmel/studio/7.0/toolchain/avr8/avr8-gnu-toolchain/bin/../lib/gcc/avr/5.4.0/avrxmega3\libgcc.a(_epilogue.o)
 .text.libgcc.div
                0x00000000        0x0 c:/program files (x86)/atmel/studio/7.0/toolchain/avr8/avr8-gnu-toolchain/bin/../lib/gcc/avr/5.4.0/avrxmega3\libgcc.a(_epilogue.o)
 .text.libgcc   0x00000000        0x0 c:/program files (x86)/atmel/studio/7.0/toolchain/avr8/avr8-gnu-toolchain/bin/../lib/gcc/avr/5.4.0/avrxmega3\libgcc.a(_epilogue.o)
 .text.libgcc.builtins
                0x00000000        0x0 c:/program files (x86)/atmel/studio/7.0/toolchain/avr8/avr8-gnu-toolchain/bin/../lib/gcc/avr/5.4.0/avrxmega3\libgcc.a(_epilogue.o)
 .text.libgcc.fmul
                0x00000000        0x0 c:/program files (x86)/atmel/studio/7.0/toolchain/avr8/avr8-gnu-toolchain/bin/../lib/gcc/avr/5.4.0/avrxmega3\libgcc.a(_epilogue.o)
 .text.libgcc.fixed
                0x00000000        0x0 c:/program files (x86)/atmel/studio/7.0/toolchain/avr8/avr8-gnu-toolchain/bin/../lib/gcc/avr/5.4.0/avrxmega3\libgcc.a(_epilogue.o)

Memory Configuration

Name             Origin             Length             Attributes
text             0x00000000         0x00100000         xr
data             0x00802000         0x0000ffa0         rw !x
eeprom           0x00810000         0x00010000         rw !x
fuse             0x00820000         0x00000009         rw !x
lock             0x00830000         0x00000400         rw !x
signature        0x00840000         0x00000400         rw !x
user_signatures  0x00850000         0x00000400         rw !x
*default*        0x00000000         0xffffffff

Linker script and memory map

Address of section .data set to 0x802800
                0x00004000                __RODATA_PM_OFFSET__ = 0x4000
LOAD C:/Program Files (x86)/Atmel/Studio/7.0/Packs/Atmel/ATmega_DFP/1.3.300/gcc/dev/atmega4808/avrxmega3/crtatmega4808.o
LOAD atmel_start.o
LOAD cli.o
LOAD driver_isr.o
LOAD examples/src/usart_basic_example.o
LOAD freeRTOS/croutine.o
LOAD freeRTOS/event_groups.o
LOAD freeRTOS/list.o
LOAD freeRTOS/portable/GCC/ATmega4809/port.o
LOAD freeRTOS/portable/MemMang/heap.o
LOAD freeRTOS/queue.o
LOAD freeRTOS/stream_buffer.o
LOAD freeRTOS/tasks.o
LOAD freeRTOS/timers.o
LOAD main.o
LOAD serial.o
LOAD src/bod.o
LOAD src/clkctrl.o
LOAD src/cpuint.o
LOAD src/driver_init.o
LOAD src/protected_io.o
LOAD src/slpctrl.o
LOAD src/usart_basic.o
START GROUP
LOAD c:/program files (x86)/atmel/studio/7.0/toolchain/avr8/avr8-gnu-toolchain/bin/../lib/gcc/avr/5.4.0/../../../../avr/lib/avrxmega3\libm.a
END GROUP
START GROUP
LOAD c:/program files (x86)/atmel/studio/7.0/toolchain/avr8/avr8-gnu-toolchain/bin/../lib/gcc/avr/5.4.0/avrxmega3\libgcc.a
LOAD c:/program files (x86)/atmel/studio/7.0/toolchain/avr8/avr8-gnu-toolchain/bin/../lib/gcc/avr/5.4.0/../../../../avr/lib/avrxmega3\libm.a
LOAD c:/program files (x86)/atmel/studio/7.0/toolchain/avr8/avr8-gnu-toolchain/bin/../lib/gcc/avr/5.4.0/../../../../avr/lib/avrxmega3\libc.a
LOAD C:/Program Files (x86)/Atmel/Studio/7.0/Packs/Atmel/ATmega_DFP/1.3.300/gcc/dev/atmega4808/avrxmega3\libatmega4808.a
END GROUP
                0x00000000                __TEXT_REGION_ORIGIN__ = DEFINED (__TEXT_REGION_ORIGIN__)?__TEXT_REGION_ORIGIN__:0x0
                0x00802000                __DATA_REGION_ORIGIN__ = DEFINED (__DATA_REGION_ORIGIN__)?__DATA_REGION_ORIGIN__:0x802000
                0x00100000                __TEXT_REGION_LENGTH__ = DEFINED (__TEXT_REGION_LENGTH__)?__TEXT_REGION_LENGTH__:0x100000
                0x0000ffa0                __DATA_REGION_LENGTH__ = DEFINED (__DATA_REGION_LENGTH__)?__DATA_REGION_LENGTH__:0xffa0
                0x00010000                __EEPROM_REGION_LENGTH__ = DEFINED (__EEPROM_REGION_LENGTH__)?__EEPROM_REGION_LENGTH__:0x10000
                [0x00000009]                __FUSE_REGION_LENGTH__ = DEFINED (__FUSE_REGION_LENGTH__)?__FUSE_REGION_LENGTH__:0x400
                0x00000400                __LOCK_REGION_LENGTH__ = DEFINED (__LOCK_REGION_LENGTH__)?__LOCK_REGION_LENGTH__:0x400
                0x00000400                __SIGNATURE_REGION_LENGTH__ = DEFINED (__SIGNATURE_REGION_LENGTH__)?__SIGNATURE_REGION_LENGTH__:0x400
                0x00000400                __USER_SIGNATURE_REGION_LENGTH__ = DEFINED (__USER_SIGNATURE_REGION_LENGTH__)?__USER_SIGNATURE_REGION_LENGTH__:0x400
                0x00008000                __RODATA_PM_OFFSET__ = DEFINED (__RODATA_PM_OFFSET__)?__RODATA_PM_OFFSET__:0x8000

.hash
 *(.hash)

.dynsym
 *(.dynsym)

.dynstr
 *(.dynstr)

.gnu.version
 *(.gnu.version)

.gnu.version_d
 *(.gnu.version_d)

.gnu.version_r
 *(.gnu.version_r)

.rel.init
 *(.rel.init)

.rela.init
 *(.rela.init)

.rel.text
 *(.rel.text)
 *(.rel.text.*)
 *(.rel.gnu.linkonce.t*)

.rela.text
 *(.rela.text)
 *(.rela.text.*)
 *(.rela.gnu.linkonce.t*)

.rel.fini
 *(.rel.fini)

.rela.fini
 *(.rela.fini)

.rel.rodata
 *(.rel.rodata)
 *(.rel.rodata.*)
 *(.rel.gnu.linkonce.r*)

.rela.rodata
 *(.rela.rodata)
 *(.rela.rodata.*)
 *(.rela.gnu.linkonce.r*)

.rel.data
 *(.rel.data)
 *(.rel.data.*)
 *(.rel.gnu.linkonce.d*)

.rela.data
 *(.rela.data)
 *(.rela.data.*)
 *(.rela.gnu.linkonce.d*)

.rel.ctors
 *(.rel.ctors)

.rela.ctors
 *(.rela.ctors)

.rel.dtors
 *(.rel.dtors)

.rela.dtors
 *(.rela.dtors)

.rel.got
 *(.rel.got)

.rela.got
 *(.rela.got)

.rel.bss
 *(.rel.bss)

.rela.bss
 *(.rela.bss)

.rel.plt
 *(.rel.plt)

.rela.plt
 *(.rela.plt)

.text           0x00000000     0x1cae
 *(.vectors)
 .vectors       0x00000000       0x90 C:/Program Files (x86)/Atmel/Studio/7.0/Packs/Atmel/ATmega_DFP/1.3.300/gcc/dev/atmega4808/avrxmega3/crtatmega4808.o
                0x00000000                __vector_default
                0x00000000                __vectors
 *(.vectors)
 *(.progmem.gcc*)
                0x00000090                . = ALIGN (0x2)
                0x00000090                __trampolines_start = .
 *(.trampolines)
 .trampolines   0x00000090        0x0 linker stubs
 *(.trampolines*)
                0x00000090                __trampolines_end = .
 *libprintf_flt.a:*(.progmem.data)
 *libc.a:*(.progmem.data)
 *(.progmem*)
                0x00000090                . = ALIGN (0x2)
 *(.jumptables)
 *(.jumptables*)
 *(.lowtext)
 *(.lowtext*)
                0x00000090                __ctors_start = .
 *(.ctors)
                0x00000090                __ctors_end = .
                0x00000090                __dtors_start = .
 *(.dtors)
                0x00000090                __dtors_end = .
 SORT(*)(.ctors)
 SORT(*)(.dtors)
 *(.init0)
 .init0         0x00000090        0x0 C:/Program Files (x86)/Atmel/Studio/7.0/Packs/Atmel/ATmega_DFP/1.3.300/gcc/dev/atmega4808/avrxmega3/crtatmega4808.o
                0x00000090                __init
 *(.init0)
 *(.init1)
 *(.init1)
 *(.init2)
 .init2         0x00000090        0xc C:/Program Files (x86)/Atmel/Studio/7.0/Packs/Atmel/ATmega_DFP/1.3.300/gcc/dev/atmega4808/avrxmega3/crtatmega4808.o
 *(.init2)
 *(.init3)
 *(.init3)
 *(.init4)
 .init4         0x0000009c       0x16 c:/program files (x86)/atmel/studio/7.0/toolchain/avr8/avr8-gnu-toolchain/bin/../lib/gcc/avr/5.4.0/avrxmega3\libgcc.a(_copy_data.o)
                0x0000009c                __do_copy_data
 .init4         0x000000b2       0x10 c:/program files (x86)/atmel/studio/7.0/toolchain/avr8/avr8-gnu-toolchain/bin/../lib/gcc/avr/5.4.0/avrxmega3\libgcc.a(_clear_bss.o)
                0x000000b2                __do_clear_bss
 *(.init4)
 *(.init5)
 *(.init5)
 *(.init6)
 *(.init6)
 *(.init7)
 *(.init7)
 *(.init8)
 *(.init8)
 *(.init9)
 .init9         0x000000c2        0x8 C:/Program Files (x86)/Atmel/Studio/7.0/Packs/Atmel/ATmega_DFP/1.3.300/gcc/dev/atmega4808/avrxmega3/crtatmega4808.o
 *(.init9)
 *(.text)
 .text          0x000000ca        0x4 C:/Program Files (x86)/Atmel/Studio/7.0/Packs/Atmel/ATmega_DFP/1.3.300/gcc/dev/atmega4808/avrxmega3/crtatmega4808.o
                0x000000ca                __vector_22
                0x000000ca                __vector_28
                0x000000ca                __vector_1
                0x000000ca                __vector_34
                0x000000ca                __vector_24
                0x000000ca                __bad_interrupt
                0x000000ca                __vector_6
                0x000000ca                __vector_35
                0x000000ca                __vector_3
                0x000000ca                __vector_23
                0x000000ca                __vector_30
                0x000000ca                __vector_25
                0x000000ca                __vector_11
                0x000000ca                __vector_13
                0x000000ca                __vector_17
                0x000000ca                __vector_19
                0x000000ca                __vector_7
                0x000000ca                __vector_27
                0x000000ca                __vector_5
                0x000000ca                __vector_33
                0x000000ca                __vector_4
                0x000000ca                __vector_9
                0x000000ca                __vector_2
                0x000000ca                __vector_21
                0x000000ca                __vector_15
                0x000000ca                __vector_29
                0x000000ca                __vector_8
                0x000000ca                __vector_26
                0x000000ca                __vector_14
                0x000000ca                __vector_10
                0x000000ca                __vector_16
                0x000000ca                __vector_18
                0x000000ca                __vector_20
                0x000000ce                . = ALIGN (0x2)
 *(.text.*)
 .text.atmel_start_init
                0x000000ce        0x6 atmel_start.o
                0x000000ce                atmel_start_init
 .text.vCommandReceiverTask
                0x000000d4       0x94 cli.o
                0x000000d4                vCommandReceiverTask
 .text.vListInitialise
                0x00000168       0x1c freeRTOS/list.o
                0x00000168                vListInitialise
 .text.vListInitialiseItem
                0x00000184        0x8 freeRTOS/list.o
                0x00000184                vListInitialiseItem
 .text.vListInsertEnd
                0x0000018c       0x42 freeRTOS/list.o
                0x0000018c                vListInsertEnd
 .text.vListInsert
                0x000001ce       0x62 freeRTOS/list.o
                0x000001ce                vListInsert
 .text.uxListRemove
                0x00000230       0x4e freeRTOS/list.o
                0x00000230                uxListRemove
 .text.pxPortInitialiseStack
                0x0000027e       0x22 freeRTOS/portable/GCC/ATmega4809/port.o
                0x0000027e                pxPortInitialiseStack
 .text.xPortStartScheduler
                0x000002a0       0x6a freeRTOS/portable/GCC/ATmega4809/port.o
                0x000002a0                xPortStartScheduler
 .text.vPortYield
                0x0000030a       0xb2 freeRTOS/portable/GCC/ATmega4809/port.o
                0x0000030a                vPortYield
 .text.vPortYieldFromTick
                0x000003bc       0xb8 freeRTOS/portable/GCC/ATmega4809/port.o
                0x000003bc                vPortYieldFromTick
 .text.__vector_12
                0x00000474       0x10 freeRTOS/portable/GCC/ATmega4809/port.o
                0x00000474                __vector_12
 .text.pvPortMalloc
                0x00000484       0x6a freeRTOS/portable/MemMang/heap.o
                0x00000484                pvPortMalloc
 .text.vPortFree
                0x000004ee        0x2 freeRTOS/portable/MemMang/heap.o
                0x000004ee                vPortFree
 .text.prvIsQueueEmpty
                0x000004f0       0x16 freeRTOS/queue.o
 .text.prvCopyDataToQueue
                0x00000506       0xbe freeRTOS/queue.o
 .text.prvCopyDataFromQueue
                0x000005c4       0x34 freeRTOS/queue.o
 .text.prvUnlockQueue
                0x000005f8       0x9a freeRTOS/queue.o
 .text.xQueueGenericReset
                0x00000692       0x7a freeRTOS/queue.o
                0x00000692                xQueueGenericReset
 .text.xQueueGenericCreate
                0x0000070c       0x5a freeRTOS/queue.o
                0x0000070c                xQueueGenericCreate
 .text.xQueueGenericSend
                0x00000766      0x138 freeRTOS/queue.o
                0x00000766                xQueueGenericSend
 .text.xQueueGenericSendFromISR
                0x0000089e       0x74 freeRTOS/queue.o
                0x0000089e                xQueueGenericSendFromISR
 .text.xQueueReceive
                0x00000912      0x128 freeRTOS/queue.o
                0x00000912                xQueueReceive
 .text.prvResetNextTaskUnblockTime
                0x00000a3a       0x3e freeRTOS/tasks.o
 .text.prvIdleTask
                0x00000a78       0x10 freeRTOS/tasks.o
 .text.prvAddCurrentTaskToDelayedList
                0x00000a88       0xb0 freeRTOS/tasks.o
 .text.xTaskCreate
                0x00000b38      0x214 freeRTOS/tasks.o
                0x00000b38                xTaskCreate
 .text.vTaskStartScheduler
                0x00000d4c       0x54 freeRTOS/tasks.o
                0x00000d4c                vTaskStartScheduler
 .text.vTaskSuspendAll
                0x00000da0        0xc freeRTOS/tasks.o
                0x00000da0                vTaskSuspendAll
 .text.xTaskIncrementTick
                0x00000dac      0x170 freeRTOS/tasks.o
                0x00000dac                xTaskIncrementTick
 .text.xTaskResumeAll
                0x00000f1c       0xfe freeRTOS/tasks.o
                0x00000f1c                xTaskResumeAll
 .text.vTaskDelay
                0x0000101a       0x28 freeRTOS/tasks.o
                0x0000101a                vTaskDelay
 .text.vTaskSwitchContext
                0x00001042       0xcc freeRTOS/tasks.o
                0x00001042                vTaskSwitchContext
 .text.vTaskPlaceOnEventList
                0x0000110e       0x24 freeRTOS/tasks.o
                0x0000110e                vTaskPlaceOnEventList
 .text.xTaskRemoveFromEventList
                0x00001132       0x90 freeRTOS/tasks.o
                0x00001132                xTaskRemoveFromEventList
 .text.vTaskInternalSetTimeOutState
                0x000011c2       0x16 freeRTOS/tasks.o
                0x000011c2                vTaskInternalSetTimeOutState
 .text.xTaskCheckForTimeOut
                0x000011d8       0x6c freeRTOS/tasks.o
                0x000011d8                xTaskCheckForTimeOut
 .text.vTaskMissedYield
                0x00001244        0x8 freeRTOS/tasks.o
                0x00001244                vTaskMissedYield
 .text.xTaskPriorityDisinherit
                0x0000124c       0x80 freeRTOS/tasks.o
                0x0000124c                xTaskPriorityDisinherit
 .text.vSenderTask
                0x000012cc       0x3a main.o
                0x000012cc                vSenderTask
 .text.vSenderTask2
                0x00001306       0x3a main.o
                0x00001306                vSenderTask2
 .text.main     0x00001340       0xa0 main.o
                0x00001340                main
 .text.vPrintString
                0x000013e0       0x22 main.o
                0x000013e0                vPrintString
 .text.vReceiverTask
                0x00001402       0x32 main.o
                0x00001402                vReceiverTask
 .text.serialHandler
                0x00001434       0x44 serial.o
                0x00001434                serialHandler
 .text.BOD_init
                0x00001478        0xa src/bod.o
                0x00001478                BOD_init
 .text.CLKCTRL_init
                0x00001482       0x10 src/clkctrl.o
                0x00001482                CLKCTRL_init
 .text.CPUINT_init
                0x00001492        0x4 src/cpuint.o
                0x00001492                CPUINT_init
 .text.mcu_init
                0x00001496       0x6e src/driver_init.o
                0x00001496                mcu_init
 .text.USART_0_initialization
                0x00001504       0x16 src/driver_init.o
                0x00001504                USART_0_initialization
 .text.system_init
                0x0000151a       0x2a src/driver_init.o
                0x0000151a                system_init
 .text.protected_write_io
                0x00001544        0x8 src/protected_io.o
                0x00001544                protected_write_io
 .text.SLPCTRL_init
                0x0000154c        0x4 src/slpctrl.o
                0x0000154c                SLPCTRL_init
 .text.USART_0_default_rx_isr_cb
                0x00001550        0x2 src/usart_basic.o
                0x00001550                USART_0_default_rx_isr_cb
 .text.USART_0_default_udre_isr_cb
                0x00001552       0x3e src/usart_basic.o
                0x00001552                USART_0_default_udre_isr_cb
 .text.USART_0_set_ISR_cb
                0x00001590       0x1e src/usart_basic.o
                0x00001590                USART_0_set_ISR_cb
 .text.__vector_31
                0x000015ae       0x52 src/usart_basic.o
                0x000015ae                __vector_31
 .text.__vector_32
                0x00001600       0x52 src/usart_basic.o
                0x00001600                __vector_32
 .text.USART_0_write
                0x00001652       0x3e src/usart_basic.o
                0x00001652                USART_0_write
 .text.USART_0_printCHAR
                0x00001690        0xa src/usart_basic.o
                0x00001690                USART_0_printCHAR
 .text.USART_0_init
                0x0000169a       0x3c src/usart_basic.o
                0x0000169a                USART_0_init
 .text.avr-libc
                0x000016d6       0x12 c:/program files (x86)/atmel/studio/7.0/toolchain/avr8/avr8-gnu-toolchain/bin/../lib/gcc/avr/5.4.0/../../../../avr/lib/avrxmega3\libc.a(memcpy.o)
                0x000016d6                memcpy
 .text.avr-libc
                0x000016e8       0x12 c:/program files (x86)/atmel/studio/7.0/toolchain/avr8/avr8-gnu-toolchain/bin/../lib/gcc/avr/5.4.0/../../../../avr/lib/avrxmega3\libc.a(strcmp.o)
                0x000016e8                strcmp
 .text.avr-libc
                0x000016fa       0x2c c:/program files (x86)/atmel/studio/7.0/toolchain/avr8/avr8-gnu-toolchain/bin/../lib/gcc/avr/5.4.0/../../../../avr/lib/avrxmega3\libc.a(printf.o)
                0x000016fa                printf
 .text.avr-libc
                0x00001726      0x3c2 c:/program files (x86)/atmel/studio/7.0/toolchain/avr8/avr8-gnu-toolchain/bin/../lib/gcc/avr/5.4.0/../../../../avr/lib/avrxmega3\libc.a(vfprintf_std.o)
                0x00001726                vfprintf
 .text.avr-libc
                0x00001ae8       0x16 c:/program files (x86)/atmel/studio/7.0/toolchain/avr8/avr8-gnu-toolchain/bin/../lib/gcc/avr/5.4.0/../../../../avr/lib/avrxmega3\libc.a(strnlen_P.o)
                0x00001ae8                strnlen_P
 .text.avr-libc
                0x00001afe       0x16 c:/program files (x86)/atmel/studio/7.0/toolchain/avr8/avr8-gnu-toolchain/bin/../lib/gcc/avr/5.4.0/../../../../avr/lib/avrxmega3\libc.a(strnlen.o)
                0x00001afe                strnlen
 .text.avr-libc
                0x00001b14       0x78 c:/program files (x86)/atmel/studio/7.0/toolchain/avr8/avr8-gnu-toolchain/bin/../lib/gcc/avr/5.4.0/../../../../avr/lib/avrxmega3\libc.a(fputc.o)
                0x00001b14                fputc
 .text.avr-libc
                0x00001b8c       0xbc c:/program files (x86)/atmel/studio/7.0/toolchain/avr8/avr8-gnu-toolchain/bin/../lib/gcc/avr/5.4.0/../../../../avr/lib/avrxmega3\libc.a(ultoa_invert.o)
                0x00001b8c                __ultoa_invert
 .text.libgcc.prologue
                0x00001c48       0x32 c:/program files (x86)/atmel/studio/7.0/toolchain/avr8/avr8-gnu-toolchain/bin/../lib/gcc/avr/5.4.0/avrxmega3\libgcc.a(_prologue.o)
                0x00001c48                __prologue_saves__
 .text.libgcc.prologue
                0x00001c7a       0x30 c:/program files (x86)/atmel/studio/7.0/toolchain/avr8/avr8-gnu-toolchain/bin/../lib/gcc/avr/5.4.0/avrxmega3\libgcc.a(_epilogue.o)
                0x00001c7a                __epilogue_restores__
                0x00001caa                . = ALIGN (0x2)
 *(.fini9)
 .fini9         0x00001caa        0x0 c:/program files (x86)/atmel/studio/7.0/toolchain/avr8/avr8-gnu-toolchain/bin/../lib/gcc/avr/5.4.0/avrxmega3\libgcc.a(_exit.o)
                0x00001caa                _exit
                0x00001caa                exit
 *(.fini9)
 *(.fini8)
 *(.fini8)
 *(.fini7)
 *(.fini7)
 *(.fini6)
 *(.fini6)
 *(.fini5)
 *(.fini5)
 *(.fini4)
 *(.fini4)
 *(.fini3)
 *(.fini3)
 *(.fini2)
 *(.fini2)
 *(.fini1)
 *(.fini1)
 *(.fini0)
 .fini0         0x00001caa        0x4 c:/program files (x86)/atmel/studio/7.0/toolchain/avr8/avr8-gnu-toolchain/bin/../lib/gcc/avr/5.4.0/avrxmega3\libgcc.a(_exit.o)
 *(.fini0)
                0x00001cae                _etext = .

.rodata         0x00005cae       0x59 load address 0x00001cae
 *(.rodata)
 *(.rodata*)
 .rodata.str1.1
                0x00005cae       0x38 cli.o
                                 0x40 (size before relaxing)
 .rodata.str1.1
                0x00005ce6        0x5 freeRTOS/tasks.o
 .rodata.str1.1
                0x00005ceb       0x1c main.o
                                 0x25 (size before relaxing)
 *(.gnu.linkonce.r*)

.data           0x00802800       0x64 load address 0x00001d07
                0x00802800                PROVIDE (__data_start, .)
 *(.data)
 *(.data*)
 .data.msg2     0x00802800       0x1a main.o
                0x00802800                msg2
 .data.msg      0x0080281a       0x16 main.o
                0x0080281a                msg
 .data.buffPtr  0x00802830        0x2 serial.o
                0x00802830                buffPtr
 .data.command  0x00802832       0x20 serial.o
                0x00802832                command
 .data.USART_0_udre_isr_cb
                0x00802852        0x2 src/usart_basic.o
                0x00802852                USART_0_udre_isr_cb
 .data.USART_0_rx_isr_cb
                0x00802854        0x2 src/usart_basic.o
                0x00802854                USART_0_rx_isr_cb
 .data.USART_0_stream
                0x00802856        0xe src/usart_basic.o
                0x00802856                USART_0_stream
 *(.gnu.linkonce.d*)
                0x00802864                . = ALIGN (0x2)
                0x00802864                _edata = .
                0x00802864                PROVIDE (__data_end, .)

.bss            0x00802864      0x891
                0x00802864                PROVIDE (__bss_start, .)
 *(.bss)
 *(.bss*)
 .bss.pucAlignedHeap.3643
                0x00802864        0x2 freeRTOS/portable/MemMang/heap.o
 .bss.xNextFreeByte
                0x00802866        0x2 freeRTOS/portable/MemMang/heap.o
 .bss.ucHeap    0x00802868      0x800 freeRTOS/portable/MemMang/heap.o
 .bss.uxSchedulerSuspended
                0x00803068        0x1 freeRTOS/tasks.o
 .bss.xIdleTaskHandle
                0x00803069        0x2 freeRTOS/tasks.o
 .bss.xNextTaskUnblockTime
                0x0080306b        0x2 freeRTOS/tasks.o
 .bss.uxTaskNumber
                0x0080306d        0x1 freeRTOS/tasks.o
 .bss.xNumOfOverflows
                0x0080306e        0x1 freeRTOS/tasks.o
 .bss.xYieldPending
                0x0080306f        0x1 freeRTOS/tasks.o
 .bss.uxPendedTicks
                0x00803070        0x1 freeRTOS/tasks.o
 .bss.xSchedulerRunning
                0x00803071        0x1 freeRTOS/tasks.o
 .bss.uxTopReadyPriority
                0x00803072        0x1 freeRTOS/tasks.o
 .bss.xTickCount
                0x00803073        0x2 freeRTOS/tasks.o
 .bss.uxCurrentNumberOfTasks
                0x00803075        0x1 freeRTOS/tasks.o
 .bss.xSuspendedTaskList
                0x00803076        0x9 freeRTOS/tasks.o
 .bss.xPendingReadyList
                0x0080307f        0x9 freeRTOS/tasks.o
 .bss.pxOverflowDelayedTaskList
                0x00803088        0x2 freeRTOS/tasks.o
 .bss.pxDelayedTaskList
                0x0080308a        0x2 freeRTOS/tasks.o
 .bss.xDelayedTaskList2
                0x0080308c        0x9 freeRTOS/tasks.o
 .bss.xDelayedTaskList1
                0x00803095        0x9 freeRTOS/tasks.o
 .bss.pxReadyTasksLists
                0x0080309e       0x24 freeRTOS/tasks.o
 .bss.pxCurrentTCB
                0x008030c2        0x2 freeRTOS/tasks.o
                0x008030c2                pxCurrentTCB
 .bss.index.4022
                0x008030c4        0x1 serial.o
 .bss.USART_0_tx_elements
                0x008030c5        0x1 src/usart_basic.o
 .bss.USART_0_tx_tail
                0x008030c6        0x1 src/usart_basic.o
 .bss.USART_0_tx_head
                0x008030c7        0x1 src/usart_basic.o
 .bss.USART_0_txbuf
                0x008030c8       0x20 src/usart_basic.o
 .bss.USART_0_rx_elements
                0x008030e8        0x1 src/usart_basic.o
 .bss.USART_0_rx_tail
                0x008030e9        0x1 src/usart_basic.o
 .bss.USART_0_rx_head
                0x008030ea        0x1 src/usart_basic.o
 *(COMMON)
 COMMON         0x008030eb        0x2 cli.o
                0x008030eb                xCommandQueue
 COMMON         0x008030ed        0x2 main.o
                0x008030ed                xPrintQueue
 COMMON         0x008030ef        0x6 c:/program files (x86)/atmel/studio/7.0/toolchain/avr8/avr8-gnu-toolchain/bin/../lib/gcc/avr/5.4.0/../../../../avr/lib/avrxmega3\libc.a(iob.o)
                0x008030ef                __iob
                0x008030f5                PROVIDE (__bss_end, .)
                0x00001d07                __data_load_start = LOADADDR (.data)
                0x00001d6b                __data_load_end = (__data_load_start + SIZEOF (.data))

.noinit         0x008030f5        0x0
                [!provide]                PROVIDE (__noinit_start, .)
 *(.noinit*)
                [!provide]                PROVIDE (__noinit_end, .)
                0x008030f5                _end = .
                [!provide]                PROVIDE (__heap_start, .)

.eeprom         0x00810000        0x0
 *(.eeprom*)
                0x00810000                __eeprom_end = .

.fuse
 *(.fuse)
 *(.lfuse)
 *(.hfuse)
 *(.efuse)

.lock
 *(.lock*)

.signature
 *(.signature*)

.user_signatures
 *(.user_signatures*)

.stab
 *(.stab)

.stabstr
 *(.stabstr)

.stab.excl
 *(.stab.excl)

.stab.exclstr
 *(.stab.exclstr)

.stab.index
 *(.stab.index)

.stab.indexstr
 *(.stab.indexstr)

.comment        0x00000000       0x8c
 *(.comment)
 .comment       0x00000000       0x30 atmel_start.o
                                 0x31 (size before relaxing)
 .comment       0x00000030       0x31 cli.o
 .comment       0x00000030       0x30 freeRTOS/list.o
                                 0x31 (size before relaxing)
 .comment       0x00000060       0x31 freeRTOS/portable/GCC/ATmega4809/port.o
 .comment       0x00000060       0x31 freeRTOS/portable/MemMang/heap.o
 .comment       0x00000060       0x31 freeRTOS/queue.o
 .comment       0x00000060       0x31 freeRTOS/tasks.o
 .comment       0x00000060       0x31 main.o
 .comment       0x00000060       0x31 serial.o
 .comment       0x00000060       0x31 src/bod.o
 .comment       0x00000060       0x31 src/clkctrl.o
 .comment       0x00000060       0x31 src/cpuint.o
 .comment       0x00000060       0x31 src/driver_init.o
 .comment       0x00000060       0x31 src/slpctrl.o
 .comment       0x00000060       0x31 src/usart_basic.o
 .comment       0x00000060       0x31 c:/program files (x86)/atmel/studio/7.0/toolchain/avr8/avr8-gnu-toolchain/bin/../lib/gcc/avr/5.4.0/../../../../avr/lib/avrxmega3\libc.a(iob.o)
 .comment       0x00000060       0x31 c:/program files (x86)/atmel/studio/7.0/toolchain/avr8/avr8-gnu-toolchain/bin/../lib/gcc/avr/5.4.0/../../../../avr/lib/avrxmega3\libc.a(printf.o)
 .comment       0x00000060       0x2c c:/program files (x86)/atmel/studio/7.0/toolchain/avr8/avr8-gnu-toolchain/bin/../lib/gcc/avr/5.4.0/../../../../avr/lib/avrxmega3\libc.a(vfprintf_std.o)
                                 0x2d (size before relaxing)
 .comment       0x0000008c       0x31 c:/program files (x86)/atmel/studio/7.0/toolchain/avr8/avr8-gnu-toolchain/bin/../lib/gcc/avr/5.4.0/../../../../avr/lib/avrxmega3\libc.a(fputc.o)

.note.gnu.avr.deviceinfo
                0x00000000       0x40
 .note.gnu.avr.deviceinfo
                0x00000000       0x40 C:/Program Files (x86)/Atmel/Studio/7.0/Packs/Atmel/ATmega_DFP/1.3.300/gcc/dev/atmega4808/avrxmega3/crtatmega4808.o

.note.gnu.build-id
 *(.note.gnu.build-id)

.debug
 *(.debug)

.line
 *(.line)

.debug_srcinfo
 *(.debug_srcinfo)

.debug_sfnames
 *(.debug_sfnames)

.debug_aranges  0x00000000      0x4e0
 *(.debug_aranges)
 .debug_aranges
                0x00000000       0x20 atmel_start.o
 .debug_aranges
                0x00000020       0x20 cli.o
 .debug_aranges
                0x00000040       0x40 freeRTOS/list.o
 .debug_aranges
                0x00000080       0x50 freeRTOS/portable/GCC/ATmega4809/port.o
 .debug_aranges
                0x000000d0       0x38 freeRTOS/portable/MemMang/heap.o
 .debug_aranges
                0x00000108       0xc0 freeRTOS/queue.o
 .debug_aranges
                0x000001c8      0x148 freeRTOS/tasks.o
 .debug_aranges
                0x00000310       0x40 main.o
 .debug_aranges
                0x00000350       0x20 serial.o
 .debug_aranges
                0x00000370       0x20 src/bod.o
 .debug_aranges
                0x00000390       0x20 src/clkctrl.o
 .debug_aranges
                0x000003b0       0x20 src/cpuint.o
 .debug_aranges
                0x000003d0       0x30 src/driver_init.o
 .debug_aranges
                0x00000400       0x20 src/protected_io.o
 .debug_aranges
                0x00000420       0x20 src/slpctrl.o
 .debug_aranges
                0x00000440       0xa0 src/usart_basic.o

.debug_pubnames
 *(.debug_pubnames)

.debug_info     0x00000000     0x7d80
 *(.debug_info .gnu.linkonce.wi.*)
 .debug_info    0x00000000     0x22af C:/Program Files (x86)/Atmel/Studio/7.0/Packs/Atmel/ATmega_DFP/1.3.300/gcc/dev/atmega4808/avrxmega3/crtatmega4808.o
 .debug_info    0x000022af       0x9a atmel_start.o
 .debug_info    0x00002349      0x247 cli.o
 .debug_info    0x00002590      0x2d2 freeRTOS/list.o
 .debug_info    0x00002862      0x3ac freeRTOS/portable/GCC/ATmega4809/port.o
 .debug_info    0x00002c0e      0x1a4 freeRTOS/portable/MemMang/heap.o
 .debug_info    0x00002db2     0x157e freeRTOS/queue.o
 .debug_info    0x00004330     0x1a6c freeRTOS/tasks.o
 .debug_info    0x00005d9c      0x517 main.o
 .debug_info    0x000062b3      0x35c serial.o
 .debug_info    0x0000660f      0x1d6 src/bod.o
 .debug_info    0x000067e5      0x38e src/clkctrl.o
 .debug_info    0x00006b73       0x8d src/cpuint.o
 .debug_info    0x00006c00      0x9ba src/driver_init.o
 .debug_info    0x000075ba       0xba src/protected_io.o
 .debug_info    0x00007674       0x8d src/slpctrl.o
 .debug_info    0x00007701      0x67f src/usart_basic.o

.debug_abbrev   0x00000000     0x3531
 *(.debug_abbrev)
 .debug_abbrev  0x00000000     0x20d4 C:/Program Files (x86)/Atmel/Studio/7.0/Packs/Atmel/ATmega_DFP/1.3.300/gcc/dev/atmega4808/avrxmega3/crtatmega4808.o
 .debug_abbrev  0x000020d4       0x63 atmel_start.o
 .debug_abbrev  0x00002137       0xdd cli.o
 .debug_abbrev  0x00002214       0xff freeRTOS/list.o
 .debug_abbrev  0x00002313      0x19f freeRTOS/portable/GCC/ATmega4809/port.o
 .debug_abbrev  0x000024b2      0x11c freeRTOS/portable/MemMang/heap.o
 .debug_abbrev  0x000025ce      0x272 freeRTOS/queue.o
 .debug_abbrev  0x00002840      0x324 freeRTOS/tasks.o
 .debug_abbrev  0x00002b64      0x16a main.o
 .debug_abbrev  0x00002cce      0x1a6 serial.o
 .debug_abbrev  0x00002e74       0x9d src/bod.o
 .debug_abbrev  0x00002f11      0x105 src/clkctrl.o
 .debug_abbrev  0x00003016       0x51 src/cpuint.o
 .debug_abbrev  0x00003067      0x1b1 src/driver_init.o
 .debug_abbrev  0x00003218       0x14 src/protected_io.o
 .debug_abbrev  0x0000322c       0x51 src/slpctrl.o
 .debug_abbrev  0x0000327d      0x2b4 src/usart_basic.o

.debug_line     0x00000000     0x310d
 *(.debug_line .debug_line.* .debug_line_end)
 .debug_line    0x00000000      0x16f C:/Program Files (x86)/Atmel/Studio/7.0/Packs/Atmel/ATmega_DFP/1.3.300/gcc/dev/atmega4808/avrxmega3/crtatmega4808.o
 .debug_line    0x0000016f       0x60 atmel_start.o
 .debug_line    0x000001cf      0x12e cli.o
 .debug_line    0x000002fd      0x213 freeRTOS/list.o
 .debug_line    0x00000510      0x296 freeRTOS/portable/GCC/ATmega4809/port.o
 .debug_line    0x000007a6      0x1c5 freeRTOS/portable/MemMang/heap.o
 .debug_line    0x0000096b      0xacb freeRTOS/queue.o
 .debug_line    0x00001436      0xf00 freeRTOS/tasks.o
 .debug_line    0x00002336      0x212 main.o
 .debug_line    0x00002548      0x1aa serial.o
 .debug_line    0x000026f2      0x108 src/bod.o
 .debug_line    0x000027fa      0x136 src/clkctrl.o
 .debug_line    0x00002930       0xa5 src/cpuint.o
 .debug_line    0x000029d5      0x2a4 src/driver_init.o
 .debug_line    0x00002c79       0x55 src/protected_io.o
 .debug_line    0x00002cce       0xa6 src/slpctrl.o
 .debug_line    0x00002d74      0x399 src/usart_basic.o

.debug_frame    0x00000000      0xcc0
 *(.debug_frame)
 .debug_frame   0x00000000       0x24 atmel_start.o
 .debug_frame   0x00000024       0x34 cli.o
 .debug_frame   0x00000058       0x88 freeRTOS/list.o
 .debug_frame   0x000000e0       0x84 freeRTOS/portable/GCC/ATmega4809/port.o
 .debug_frame   0x00000164       0x60 freeRTOS/portable/MemMang/heap.o
 .debug_frame   0x000001c4      0x2f4 freeRTOS/queue.o
 .debug_frame   0x000004b8      0x4a4 freeRTOS/tasks.o
 .debug_frame   0x0000095c       0xb8 main.o
 .debug_frame   0x00000a14       0x24 serial.o
 .debug_frame   0x00000a38       0x24 src/bod.o
 .debug_frame   0x00000a5c       0x24 src/clkctrl.o
 .debug_frame   0x00000a80       0x24 src/cpuint.o
 .debug_frame   0x00000aa4       0x44 src/driver_init.o
 .debug_frame   0x00000ae8       0x24 src/slpctrl.o
 .debug_frame   0x00000b0c      0x1b4 src/usart_basic.o

.debug_str      0x00000000     0x2cfd
 *(.debug_str)
 .debug_str     0x00000000      0xed3 C:/Program Files (x86)/Atmel/Studio/7.0/Packs/Atmel/ATmega_DFP/1.3.300/gcc/dev/atmega4808/avrxmega3/crtatmega4808.o
 .debug_str     0x00000ed3      0x197 atmel_start.o
                                0x1cb (size before relaxing)
 .debug_str     0x0000106a       0xfa cli.o
                                0x22a (size before relaxing)
 .debug_str     0x00001164      0x1ce freeRTOS/list.o
                                0x2f9 (size before relaxing)
 .debug_str     0x00001332      0x1d0 freeRTOS/portable/GCC/ATmega4809/port.o
                                0x39a (size before relaxing)
 .debug_str     0x00001502       0xc5 freeRTOS/portable/MemMang/heap.o
                                0x279 (size before relaxing)
 .debug_str     0x000015c7      0x538 freeRTOS/queue.o
                                0x84c (size before relaxing)
 .debug_str     0x00001aff      0x7ab freeRTOS/tasks.o
                                0xcc3 (size before relaxing)
 .debug_str     0x000022aa       0x71 main.o
                                0x31a (size before relaxing)
 .debug_str     0x0000231b       0xd9 serial.o
                                0x339 (size before relaxing)
 .debug_str     0x000023f4       0xd0 src/bod.o
                                0x2e5 (size before relaxing)
 .debug_str     0x000024c4      0x29a src/clkctrl.o
                                0x4cf (size before relaxing)
 .debug_str     0x0000275e       0x1c src/cpuint.o
                                0x1c1 (size before relaxing)
 .debug_str     0x0000277a      0x283 src/driver_init.o
                                0x53b (size before relaxing)
 .debug_str     0x000029fd       0x11 src/slpctrl.o
                                0x1c3 (size before relaxing)
 .debug_str     0x00002a0e      0x2ef src/usart_basic.o
                                0x5b1 (size before relaxing)

.debug_loc      0x00000000     0x40bd
 *(.debug_loc)
 .debug_loc     0x00000000       0x6e cli.o
 .debug_loc     0x0000006e      0x145 freeRTOS/list.o
 .debug_loc     0x000001b3       0xbb freeRTOS/portable/GCC/ATmega4809/port.o
 .debug_loc     0x0000026e       0xf1 freeRTOS/portable/MemMang/heap.o
 .debug_loc     0x0000035f     0x180b freeRTOS/queue.o
 .debug_loc     0x00001b6a     0x1e85 freeRTOS/tasks.o
 .debug_loc     0x000039ef      0x1fe main.o
 .debug_loc     0x00003bed       0x27 serial.o
 .debug_loc     0x00003c14       0x29 src/clkctrl.o
 .debug_loc     0x00003c3d      0x232 src/driver_init.o
 .debug_loc     0x00003e6f      0x24e src/usart_basic.o

.debug_macinfo
 *(.debug_macinfo)

.debug_weaknames
 *(.debug_weaknames)

.debug_funcnames
 *(.debug_funcnames)

.debug_typenames
 *(.debug_typenames)

.debug_varnames
 *(.debug_varnames)

.debug_pubtypes
 *(.debug_pubtypes)

.debug_ranges   0x00000000      0x478
 *(.debug_ranges)
 .debug_ranges  0x00000000       0x10 atmel_start.o
 .debug_ranges  0x00000010       0x10 cli.o
 .debug_ranges  0x00000020       0x30 freeRTOS/list.o
 .debug_ranges  0x00000050       0x40 freeRTOS/portable/GCC/ATmega4809/port.o
 .debug_ranges  0x00000090       0x28 freeRTOS/portable/MemMang/heap.o
 .debug_ranges  0x000000b8       0xf8 freeRTOS/queue.o
 .debug_ranges  0x000001b0      0x198 freeRTOS/tasks.o
 .debug_ranges  0x00000348       0x30 main.o
 .debug_ranges  0x00000378       0x10 serial.o
 .debug_ranges  0x00000388       0x10 src/bod.o
 .debug_ranges  0x00000398       0x10 src/clkctrl.o
 .debug_ranges  0x000003a8       0x10 src/cpuint.o
 .debug_ranges  0x000003b8       0x20 src/driver_init.o
 .debug_ranges  0x000003d8       0x10 src/slpctrl.o
 .debug_ranges  0x000003e8       0x90 src/usart_basic.o

.debug_macro
 *(.debug_macro)
OUTPUT(FreeRTOS4LEDsAVRIoTBoardSTARTcompatible.elf elf32-avr)
LOAD linker stubs
